Source=head commit=f7d2ab77594dbce136f305bfabd2b7d9c0458d2d; native platform=Linux; disposable root=/home/kasper/.no-mistakes/worktrees/54ec8cc673b9/01M458RD3HT76Y6NJNAFM7K96J/.remote-live.S1sj5o/root

SCENARIO initialization: public-pid=absent publication-barrier=worker.pid
/home/kasper/.no-mistakes/evidence/01M458RD3HT76Y6NJNAFM7K96J/live-remote-worker.sh: line 59: /bin/sleep: No such file or directory
/home/kasper/.no-mistakes/evidence/01M458RD3HT76Y6NJNAFM7K96J/live-remote-worker.sh: line 59: /bin/sleep: No such file or directory
/home/kasper/.no-mistakes/evidence/01M458RD3HT76Y6NJNAFM7K96J/live-remote-worker.sh: line 59: /bin/sleep: No such file or directory
/home/kasper/.no-mistakes/evidence/01M458RD3HT76Y6NJNAFM7K96J/live-remote-worker.sh: line 59: /bin/sleep: No such file or directory
/home/kasper/.no-mistakes/evidence/01M458RD3HT76Y6NJNAFM7K96J/live-remote-worker.sh: line 59: /bin/sleep: No such file or directory
/home/kasper/.no-mistakes/evidence/01M458RD3HT76Y6NJNAFM7K96J/live-remote-worker.sh: line 59: /bin/sleep: No such file or directory
/home/kasper/.no-mistakes/evidence/01M458RD3HT76Y6NJNAFM7K96J/live-remote-worker.sh: line 59: /bin/sleep: No such file or directory
/home/kasper/.no-mistakes/evidence/01M458RD3HT76Y6NJNAFM7K96J/live-remote-worker.sh: line 59: /bin/sleep: No such file or directory
/home/kasper/.no-mistakes/evidence/01M458RD3HT76Y6NJNAFM7K96J/live-remote-worker.sh: line 59: /bin/sleep: No such file or directory
/home/kasper/.no-mistakes/evidence/01M458RD3HT76Y6NJNAFM7K96J/live-remote-worker.sh: line 59: /bin/sleep: No such file or directory
/home/kasper/.no-mistakes/evidence/01M458RD3HT76Y6NJNAFM7K96J/live-remote-worker.sh: line 59: /bin/sleep: No such file or directory
/home/kasper/.no-mistakes/evidence/01M458RD3HT76Y6NJNAFM7K96J/live-remote-worker.sh: line 59: /bin/sleep: No such file or directory
/home/kasper/.no-mistakes/evidence/01M458RD3HT76Y6NJNAFM7K96J/live-remote-worker.sh: line 59: /bin/sleep: No such file or directory
/home/kasper/.no-mistakes/evidence/01M458RD3HT76Y6NJNAFM7K96J/live-remote-worker.sh: line 59: /bin/sleep: No such file or directory
/home/kasper/.no-mistakes/evidence/01M458RD3HT76Y6NJNAFM7K96J/live-remote-worker.sh: line 59: /bin/sleep: No such file or directory
/home/kasper/.no-mistakes/evidence/01M458RD3HT76Y6NJNAFM7K96J/live-remote-worker.sh: line 59: /bin/sleep: No such file or directory
/home/kasper/.no-mistakes/evidence/01M458RD3HT76Y6NJNAFM7K96J/live-remote-worker.sh: line 59: /bin/sleep: No such file or directory
/home/kasper/.no-mistakes/evidence/01M458RD3HT76Y6NJNAFM7K96J/live-remote-worker.sh: line 59: /bin/sleep: No such file or directory
/home/kasper/.no-mistakes/evidence/01M458RD3HT76Y6NJNAFM7K96J/live-remote-worker.sh: line 59: /bin/sleep: No such file or directory
/home/kasper/.no-mistakes/evidence/01M458RD3HT76Y6NJNAFM7K96J/live-remote-worker.sh: line 59: /bin/sleep: No such file or directory
/home/kasper/.no-mistakes/evidence/01M458RD3HT76Y6NJNAFM7K96J/live-remote-worker.sh: line 59: /bin/sleep: No such file or directory
/home/kasper/.no-mistakes/evidence/01M458RD3HT76Y6NJNAFM7K96J/live-remote-worker.sh: line 59: /bin/sleep: No such file or directory
/home/kasper/.no-mistakes/evidence/01M458RD3HT76Y6NJNAFM7K96J/live-remote-worker.sh: line 59: /bin/sleep: No such file or directory
/home/kasper/.no-mistakes/evidence/01M458RD3HT76Y6NJNAFM7K96J/live-remote-worker.sh: line 59: /bin/sleep: No such file or directory
/home/kasper/.no-mistakes/evidence/01M458RD3HT76Y6NJNAFM7K96J/live-remote-worker.sh: line 59: /bin/sleep: No such file or directory
/home/kasper/.no-mistakes/evidence/01M458RD3HT76Y6NJNAFM7K96J/live-remote-worker.sh: line 59: /bin/sleep: No such file or directory
/home/kasper/.no-mistakes/evidence/01M458RD3HT76Y6NJNAFM7K96J/live-remote-worker.sh: line 59: /bin/sleep: No such file or directory
/home/kasper/.no-mistakes/evidence/01M458RD3HT76Y6NJNAFM7K96J/live-remote-worker.sh: line 59: /bin/sleep: No such file or directory
/home/kasper/.no-mistakes/evidence/01M458RD3HT76Y6NJNAFM7K96J/live-remote-worker.sh: line 59: /bin/sleep: No such file or directory
/home/kasper/.no-mistakes/evidence/01M458RD3HT76Y6NJNAFM7K96J/live-remote-worker.sh: line 59: /bin/sleep: No such file or directory
/home/kasper/.no-mistakes/evidence/01M458RD3HT76Y6NJNAFM7K96J/live-remote-worker.sh: line 59: /bin/sleep: No such file or directory
/home/kasper/.no-mistakes/evidence/01M458RD3HT76Y6NJNAFM7K96J/live-remote-worker.sh: line 59: /bin/sleep: No such file or directory
/home/kasper/.no-mistakes/evidence/01M458RD3HT76Y6NJNAFM7K96J/live-remote-worker.sh: line 59: /bin/sleep: No such file or directory
/home/kasper/.no-mistakes/evidence/01M458RD3HT76Y6NJNAFM7K96J/live-remote-worker.sh: line 59: /bin/sleep: No such file or directory
/home/kasper/.no-mistakes/evidence/01M458RD3HT76Y6NJNAFM7K96J/live-remote-worker.sh: line 59: /bin/sleep: No such file or directory
/home/kasper/.no-mistakes/evidence/01M458RD3HT76Y6NJNAFM7K96J/live-remote-worker.sh: line 59: /bin/sleep: No such file or directory
/home/kasper/.no-mistakes/evidence/01M458RD3HT76Y6NJNAFM7K96J/live-remote-worker.sh: line 59: /bin/sleep: No such file or directory
/home/kasper/.no-mistakes/evidence/01M458RD3HT76Y6NJNAFM7K96J/live-remote-worker.sh: line 59: /bin/sleep: No such file or directory
/home/kasper/.no-mistakes/evidence/01M458RD3HT76Y6NJNAFM7K96J/live-remote-worker.sh: line 59: /bin/sleep: No such file or directory
/home/kasper/.no-mistakes/evidence/01M458RD3HT76Y6NJNAFM7K96J/live-remote-worker.sh: line 59: /bin/sleep: No such file or directory
/home/kasper/.no-mistakes/evidence/01M458RD3HT76Y6NJNAFM7K96J/live-remote-worker.sh: line 59: /bin/sleep: No such file or directory
/home/kasper/.no-mistakes/evidence/01M458RD3HT76Y6NJNAFM7K96J/live-remote-worker.sh: line 59: /bin/sleep: No such file or directory
/home/kasper/.no-mistakes/evidence/01M458RD3HT76Y6NJNAFM7K96J/live-remote-worker.sh: line 59: /bin/sleep: No such file or directory
/home/kasper/.no-mistakes/evidence/01M458RD3HT76Y6NJNAFM7K96J/live-remote-worker.sh: line 59: /bin/sleep: No such file or directory
/home/kasper/.no-mistakes/evidence/01M458RD3HT76Y6NJNAFM7K96J/live-remote-worker.sh: line 59: /bin/sleep: No such file or directory
/home/kasper/.no-mistakes/evidence/01M458RD3HT76Y6NJNAFM7K96J/live-remote-worker.sh: line 59: /bin/sleep: No such file or directory
/home/kasper/.no-mistakes/evidence/01M458RD3HT76Y6NJNAFM7K96J/live-remote-worker.sh: line 59: /bin/sleep: No such file or directory
/home/kasper/.no-mistakes/evidence/01M458RD3HT76Y6NJNAFM7K96J/live-remote-worker.sh: line 59: /bin/sleep: No such file or directory
/home/kasper/.no-mistakes/evidence/01M458RD3HT76Y6NJNAFM7K96J/live-remote-worker.sh: line 59: /bin/sleep: No such file or directory
/home/kasper/.no-mistakes/evidence/01M458RD3HT76Y6NJNAFM7K96J/live-remote-worker.sh: line 59: /bin/sleep: No such file or directory
/home/kasper/.no-mistakes/evidence/01M458RD3HT76Y6NJNAFM7K96J/live-remote-worker.sh: line 59: /bin/sleep: No such file or directory
/home/kasper/.no-mistakes/evidence/01M458RD3HT76Y6NJNAFM7K96J/live-remote-worker.sh: line 59: /bin/sleep: No such file or directory
/home/kasper/.no-mistakes/evidence/01M458RD3HT76Y6NJNAFM7K96J/live-remote-worker.sh: line 59: /bin/sleep: No such file or directory
/home/kasper/.no-mistakes/evidence/01M458RD3HT76Y6NJNAFM7K96J/live-remote-worker.sh: line 59: /bin/sleep: No such file or directory
/home/kasper/.no-mistakes/evidence/01M458RD3HT76Y6NJNAFM7K96J/live-remote-worker.sh: line 59: /bin/sleep: No such file or directory
/home/kasper/.no-mistakes/evidence/01M458RD3HT76Y6NJNAFM7K96J/live-remote-worker.sh: line 59: /bin/sleep: No such file or directory
/home/kasper/.no-mistakes/evidence/01M458RD3HT76Y6NJNAFM7K96J/live-remote-worker.sh: line 59: /bin/sleep: No such file or directory
/home/kasper/.no-mistakes/evidence/01M458RD3HT76Y6NJNAFM7K96J/live-remote-worker.sh: line 59: /bin/sleep: No such file or directory
/home/kasper/.no-mistakes/evidence/01M458RD3HT76Y6NJNAFM7K96J/live-remote-worker.sh: line 59: /bin/sleep: No such file or directory
/home/kasper/.no-mistakes/evidence/01M458RD3HT76Y6NJNAFM7K96J/live-remote-worker.sh: line 59: /bin/sleep: No such file or directory
/home/kasper/.no-mistakes/evidence/01M458RD3HT76Y6NJNAFM7K96J/live-remote-worker.sh: line 59: /bin/sleep: No such file or directory
/home/kasper/.no-mistakes/evidence/01M458RD3HT76Y6NJNAFM7K96J/live-remote-worker.sh: line 59: /bin/sleep: No such file or directory
/home/kasper/.no-mistakes/evidence/01M458RD3HT76Y6NJNAFM7K96J/live-remote-worker.sh: line 59: /bin/sleep: No such file or directory
/home/kasper/.no-mistakes/evidence/01M458RD3HT76Y6NJNAFM7K96J/live-remote-worker.sh: line 59: /bin/sleep: No such file or directory
/home/kasper/.no-mistakes/evidence/01M458RD3HT76Y6NJNAFM7K96J/live-remote-worker.sh: line 59: /bin/sleep: No such file or directory
/home/kasper/.no-mistakes/evidence/01M458RD3HT76Y6NJNAFM7K96J/live-remote-worker.sh: line 59: /bin/sleep: No such file or directory
/home/kasper/.no-mistakes/evidence/01M458RD3HT76Y6NJNAFM7K96J/live-remote-worker.sh: line 59: /bin/sleep: No such file or directory
/home/kasper/.no-mistakes/evidence/01M458RD3HT76Y6NJNAFM7K96J/live-remote-worker.sh: line 59: /bin/sleep: No such file or directory
/home/kasper/.no-mistakes/evidence/01M458RD3HT76Y6NJNAFM7K96J/live-remote-worker.sh: line 59: /bin/sleep: No such file or directory
/home/kasper/.no-mistakes/evidence/01M458RD3HT76Y6NJNAFM7K96J/live-remote-worker.sh: line 59: /bin/sleep: No such file or directory
/home/kasper/.no-mistakes/evidence/01M458RD3HT76Y6NJNAFM7K96J/live-remote-worker.sh: line 59: /bin/sleep: No such file or directory
/home/kasper/.no-mistakes/evidence/01M458RD3HT76Y6NJNAFM7K96J/live-remote-worker.sh: line 59: /bin/sleep: No such file or directory
/home/kasper/.no-mistakes/evidence/01M458RD3HT76Y6NJNAFM7K96J/live-remote-worker.sh: line 59: /bin/sleep: No such file or directory
/home/kasper/.no-mistakes/evidence/01M458RD3HT76Y6NJNAFM7K96J/live-remote-worker.sh: line 59: /bin/sleep: No such file or directory
/home/kasper/.no-mistakes/evidence/01M458RD3HT76Y6NJNAFM7K96J/live-remote-worker.sh: line 59: /bin/sleep: No such file or directory
/home/kasper/.no-mistakes/evidence/01M458RD3HT76Y6NJNAFM7K96J/live-remote-worker.sh: line 59: /bin/sleep: No such file or directory
/home/kasper/.no-mistakes/evidence/01M458RD3HT76Y6NJNAFM7K96J/live-remote-worker.sh: line 59: /bin/sleep: No such file or directory
/home/kasper/.no-mistakes/evidence/01M458RD3HT76Y6NJNAFM7K96J/live-remote-worker.sh: line 59: /bin/sleep: No such file or directory
/home/kasper/.no-mistakes/evidence/01M458RD3HT76Y6NJNAFM7K96J/live-remote-worker.sh: line 59: /bin/sleep: No such file or directory
/home/kasper/.no-mistakes/evidence/01M458RD3HT76Y6NJNAFM7K96J/live-remote-worker.sh: line 59: /bin/sleep: No such file or directory
/home/kasper/.no-mistakes/evidence/01M458RD3HT76Y6NJNAFM7K96J/live-remote-worker.sh: line 59: /bin/sleep: No such file or directory
/home/kasper/.no-mistakes/evidence/01M458RD3HT76Y6NJNAFM7K96J/live-remote-worker.sh: line 59: /bin/sleep: No such file or directory
/home/kasper/.no-mistakes/evidence/01M458RD3HT76Y6NJNAFM7K96J/live-remote-worker.sh: line 59: /bin/sleep: No such file or directory
/home/kasper/.no-mistakes/evidence/01M458RD3HT76Y6NJNAFM7K96J/live-remote-worker.sh: line 59: /bin/sleep: No such file or directory
/home/kasper/.no-mistakes/evidence/01M458RD3HT76Y6NJNAFM7K96J/live-remote-worker.sh: line 59: /bin/sleep: No such file or directory
/home/kasper/.no-mistakes/evidence/01M458RD3HT76Y6NJNAFM7K96J/live-remote-worker.sh: line 59: /bin/sleep: No such file or directory
/home/kasper/.no-mistakes/evidence/01M458RD3HT76Y6NJNAFM7K96J/live-remote-worker.sh: line 59: /bin/sleep: No such file or directory
/home/kasper/.no-mistakes/evidence/01M458RD3HT76Y6NJNAFM7K96J/live-remote-worker.sh: line 59: /bin/sleep: No such file or directory
/home/kasper/.no-mistakes/evidence/01M458RD3HT76Y6NJNAFM7K96J/live-remote-worker.sh: line 59: /bin/sleep: No such file or directory
/home/kasper/.no-mistakes/evidence/01M458RD3HT76Y6NJNAFM7K96J/live-remote-worker.sh: line 59: /bin/sleep: No such file or directory
/home/kasper/.no-mistakes/evidence/01M458RD3HT76Y6NJNAFM7K96J/live-remote-worker.sh: line 59: /bin/sleep: No such file or directory
/home/kasper/.no-mistakes/evidence/01M458RD3HT76Y6NJNAFM7K96J/live-remote-worker.sh: line 59: /bin/sleep: No such file or directory
/home/kasper/.no-mistakes/evidence/01M458RD3HT76Y6NJNAFM7K96J/live-remote-worker.sh: line 59: /bin/sleep: No such file or directory
/home/kasper/.no-mistakes/evidence/01M458RD3HT76Y6NJNAFM7K96J/live-remote-worker.sh: line 59: /bin/sleep: No such file or directory
/home/kasper/.no-mistakes/evidence/01M458RD3HT76Y6NJNAFM7K96J/live-remote-worker.sh: line 59: /bin/sleep: No such file or directory
/home/kasper/.no-mistakes/evidence/01M458RD3HT76Y6NJNAFM7K96J/live-remote-worker.sh: line 59: /bin/sleep: No such file or directory
/home/kasper/.no-mistakes/evidence/01M458RD3HT76Y6NJNAFM7K96J/live-remote-worker.sh: line 59: /bin/sleep: No such file or directory
/home/kasper/.no-mistakes/evidence/01M458RD3HT76Y6NJNAFM7K96J/live-remote-worker.sh: line 59: /bin/sleep: No such file or directory
/home/kasper/.no-mistakes/evidence/01M458RD3HT76Y6NJNAFM7K96J/live-remote-worker.sh: line 59: /bin/sleep: No such file or directory
/home/kasper/.no-mistakes/evidence/01M458RD3HT76Y6NJNAFM7K96J/live-remote-worker.sh: line 59: /bin/sleep: No such file or directory
/home/kasper/.no-mistakes/evidence/01M458RD3HT76Y6NJNAFM7K96J/live-remote-worker.sh: line 59: /bin/sleep: No such file or directory
/home/kasper/.no-mistakes/evidence/01M458RD3HT76Y6NJNAFM7K96J/live-remote-worker.sh: line 59: /bin/sleep: No such file or directory
/home/kasper/.no-mistakes/evidence/01M458RD3HT76Y6NJNAFM7K96J/live-remote-worker.sh: line 59: /bin/sleep: No such file or directory
/home/kasper/.no-mistakes/evidence/01M458RD3HT76Y6NJNAFM7K96J/live-remote-worker.sh: line 59: /bin/sleep: No such file or directory
/home/kasper/.no-mistakes/evidence/01M458RD3HT76Y6NJNAFM7K96J/live-remote-worker.sh: line 59: /bin/sleep: No such file or directory
/home/kasper/.no-mistakes/evidence/01M458RD3HT76Y6NJNAFM7K96J/live-remote-worker.sh: line 59: /bin/sleep: No such file or directory
/home/kasper/.no-mistakes/evidence/01M458RD3HT76Y6NJNAFM7K96J/live-remote-worker.sh: line 59: /bin/sleep: No such file or directory
/home/kasper/.no-mistakes/evidence/01M458RD3HT76Y6NJNAFM7K96J/live-remote-worker.sh: line 59: /bin/sleep: No such file or directory
/home/kasper/.no-mistakes/evidence/01M458RD3HT76Y6NJNAFM7K96J/live-remote-worker.sh: line 59: /bin/sleep: No such file or directory
/home/kasper/.no-mistakes/evidence/01M458RD3HT76Y6NJNAFM7K96J/live-remote-worker.sh: line 59: /bin/sleep: No such file or directory
/home/kasper/.no-mistakes/evidence/01M458RD3HT76Y6NJNAFM7K96J/live-remote-worker.sh: line 59: /bin/sleep: No such file or directory
/home/kasper/.no-mistakes/evidence/01M458RD3HT76Y6NJNAFM7K96J/live-remote-worker.sh: line 59: /bin/sleep: No such file or directory
/home/kasper/.no-mistakes/evidence/01M458RD3HT76Y6NJNAFM7K96J/live-remote-worker.sh: line 59: /bin/sleep: No such file or directory
/home/kasper/.no-mistakes/evidence/01M458RD3HT76Y6NJNAFM7K96J/live-remote-worker.sh: line 59: /bin/sleep: No such file or directory
/home/kasper/.no-mistakes/evidence/01M458RD3HT76Y6NJNAFM7K96J/live-remote-worker.sh: line 59: /bin/sleep: No such file or directory
/home/kasper/.no-mistakes/evidence/01M458RD3HT76Y6NJNAFM7K96J/live-remote-worker.sh: line 59: /bin/sleep: No such file or directory
/home/kasper/.no-mistakes/evidence/01M458RD3HT76Y6NJNAFM7K96J/live-remote-worker.sh: line 59: /bin/sleep: No such file or directory
/home/kasper/.no-mistakes/evidence/01M458RD3HT76Y6NJNAFM7K96J/live-remote-worker.sh: line 59: /bin/sleep: No such file or directory
/home/kasper/.no-mistakes/evidence/01M458RD3HT76Y6NJNAFM7K96J/live-remote-worker.sh: line 59: /bin/sleep: No such file or directory
/home/kasper/.no-mistakes/evidence/01M458RD3HT76Y6NJNAFM7K96J/live-remote-worker.sh: line 59: /bin/sleep: No such file or directory
/home/kasper/.no-mistakes/evidence/01M458RD3HT76Y6NJNAFM7K96J/live-remote-worker.sh: line 59: /bin/sleep: No such file or directory
/home/kasper/.no-mistakes/evidence/01M458RD3HT76Y6NJNAFM7K96J/live-remote-worker.sh: line 59: /bin/sleep: No such file or directory
/home/kasper/.no-mistakes/evidence/01M458RD3HT76Y6NJNAFM7K96J/live-remote-worker.sh: line 59: /bin/sleep: No such file or directory
/home/kasper/.no-mistakes/evidence/01M458RD3HT76Y6NJNAFM7K96J/live-remote-worker.sh: line 59: /bin/sleep: No such file or directory
/home/kasper/.no-mistakes/evidence/01M458RD3HT76Y6NJNAFM7K96J/live-remote-worker.sh: line 59: /bin/sleep: No such file or directory
/home/kasper/.no-mistakes/evidence/01M458RD3HT76Y6NJNAFM7K96J/live-remote-worker.sh: line 59: /bin/sleep: No such file or directory
/home/kasper/.no-mistakes/evidence/01M458RD3HT76Y6NJNAFM7K96J/live-remote-worker.sh: line 59: /bin/sleep: No such file or directory
/home/kasper/.no-mistakes/evidence/01M458RD3HT76Y6NJNAFM7K96J/live-remote-worker.sh: line 59: /bin/sleep: No such file or directory
/home/kasper/.no-mistakes/evidence/01M458RD3HT76Y6NJNAFM7K96J/live-remote-worker.sh: line 59: /bin/sleep: No such file or directory
/home/kasper/.no-mistakes/evidence/01M458RD3HT76Y6NJNAFM7K96J/live-remote-worker.sh: line 59: /bin/sleep: No such file or directory
/home/kasper/.no-mistakes/evidence/01M458RD3HT76Y6NJNAFM7K96J/live-remote-worker.sh: line 59: /bin/sleep: No such file or directory
/home/kasper/.no-mistakes/evidence/01M458RD3HT76Y6NJNAFM7K96J/live-remote-worker.sh: line 59: /bin/sleep: No such file or directory
/home/kasper/.no-mistakes/evidence/01M458RD3HT76Y6NJNAFM7K96J/live-remote-worker.sh: line 59: /bin/sleep: No such file or directory
/home/kasper/.no-mistakes/evidence/01M458RD3HT76Y6NJNAFM7K96J/live-remote-worker.sh: line 59: /bin/sleep: No such file or directory
/home/kasper/.no-mistakes/evidence/01M458RD3HT76Y6NJNAFM7K96J/live-remote-worker.sh: line 59: /bin/sleep: No such file or directory
/home/kasper/.no-mistakes/evidence/01M458RD3HT76Y6NJNAFM7K96J/live-remote-worker.sh: line 59: /bin/sleep: No such file or directory
/home/kasper/.no-mistakes/evidence/01M458RD3HT76Y6NJNAFM7K96J/live-remote-worker.sh: line 59: /bin/sleep: No such file or directory
/home/kasper/.no-mistakes/evidence/01M458RD3HT76Y6NJNAFM7K96J/live-remote-worker.sh: line 59: /bin/sleep: No such file or directory
/home/kasper/.no-mistakes/evidence/01M458RD3HT76Y6NJNAFM7K96J/live-remote-worker.sh: line 59: /bin/sleep: No such file or directory
/home/kasper/.no-mistakes/evidence/01M458RD3HT76Y6NJNAFM7K96J/live-remote-worker.sh: line 59: /bin/sleep: No such file or directory
/home/kasper/.no-mistakes/evidence/01M458RD3HT76Y6NJNAFM7K96J/live-remote-worker.sh: line 59: /bin/sleep: No such file or directory
/home/kasper/.no-mistakes/evidence/01M458RD3HT76Y6NJNAFM7K96J/live-remote-worker.sh: line 59: /bin/sleep: No such file or directory
/home/kasper/.no-mistakes/evidence/01M458RD3HT76Y6NJNAFM7K96J/live-remote-worker.sh: line 59: /bin/sleep: No such file or directory
/home/kasper/.no-mistakes/evidence/01M458RD3HT76Y6NJNAFM7K96J/live-remote-worker.sh: line 59: /bin/sleep: No such file or directory
/home/kasper/.no-mistakes/evidence/01M458RD3HT76Y6NJNAFM7K96J/live-remote-worker.sh: line 59: /bin/sleep: No such file or directory
/home/kasper/.no-mistakes/evidence/01M458RD3HT76Y6NJNAFM7K96J/live-remote-worker.sh: line 59: /bin/sleep: No such file or directory
/home/kasper/.no-mistakes/evidence/01M458RD3HT76Y6NJNAFM7K96J/live-remote-worker.sh: line 59: /bin/sleep: No such file or directory
/home/kasper/.no-mistakes/evidence/01M458RD3HT76Y6NJNAFM7K96J/live-remote-worker.sh: line 59: /bin/sleep: No such file or directory
/home/kasper/.no-mistakes/evidence/01M458RD3HT76Y6NJNAFM7K96J/live-remote-worker.sh: line 59: /bin/sleep: No such file or directory
/home/kasper/.no-mistakes/evidence/01M458RD3HT76Y6NJNAFM7K96J/live-remote-worker.sh: line 59: /bin/sleep: No such file or directory
/home/kasper/.no-mistakes/evidence/01M458RD3HT76Y6NJNAFM7K96J/live-remote-worker.sh: line 59: /bin/sleep: No such file or directory
/home/kasper/.no-mistakes/evidence/01M458RD3HT76Y6NJNAFM7K96J/live-remote-worker.sh: line 59: /bin/sleep: No such file or directory
/home/kasper/.no-mistakes/evidence/01M458RD3HT76Y6NJNAFM7K96J/live-remote-worker.sh: line 59: /bin/sleep: No such file or directory
/home/kasper/.no-mistakes/evidence/01M458RD3HT76Y6NJNAFM7K96J/live-remote-worker.sh: line 59: /bin/sleep: No such file or directory
/home/kasper/.no-mistakes/evidence/01M458RD3HT76Y6NJNAFM7K96J/live-remote-worker.sh: line 59: /bin/sleep: No such file or directory
/home/kasper/.no-mistakes/evidence/01M458RD3HT76Y6NJNAFM7K96J/live-remote-worker.sh: line 59: /bin/sleep: No such file or directory
/home/kasper/.no-mistakes/evidence/01M458RD3HT76Y6NJNAFM7K96J/live-remote-worker.sh: line 59: /bin/sleep: No such file or directory
/home/kasper/.no-mistakes/evidence/01M458RD3HT76Y6NJNAFM7K96J/live-remote-worker.sh: line 59: /bin/sleep: No such file or directory
/home/kasper/.no-mistakes/evidence/01M458RD3HT76Y6NJNAFM7K96J/live-remote-worker.sh: line 59: /bin/sleep: No such file or directory
/home/kasper/.no-mistakes/evidence/01M458RD3HT76Y6NJNAFM7K96J/live-remote-worker.sh: line 59: /bin/sleep: No such file or directory
/home/kasper/.no-mistakes/evidence/01M458RD3HT76Y6NJNAFM7K96J/live-remote-worker.sh: line 59: /bin/sleep: No such file or directory
/home/kasper/.no-mistakes/evidence/01M458RD3HT76Y6NJNAFM7K96J/live-remote-worker.sh: line 59: /bin/sleep: No such file or directory
/home/kasper/.no-mistakes/evidence/01M458RD3HT76Y6NJNAFM7K96J/live-remote-worker.sh: line 59: /bin/sleep: No such file or directory
/home/kasper/.no-mistakes/evidence/01M458RD3HT76Y6NJNAFM7K96J/live-remote-worker.sh: line 59: /bin/sleep: No such file or directory
/home/kasper/.no-mistakes/evidence/01M458RD3HT76Y6NJNAFM7K96J/live-remote-worker.sh: line 59: /bin/sleep: No such file or directory
/home/kasper/.no-mistakes/evidence/01M458RD3HT76Y6NJNAFM7K96J/live-remote-worker.sh: line 59: /bin/sleep: No such file or directory
/home/kasper/.no-mistakes/evidence/01M458RD3HT76Y6NJNAFM7K96J/live-remote-worker.sh: line 59: /bin/sleep: No such file or directory
/home/kasper/.no-mistakes/evidence/01M458RD3HT76Y6NJNAFM7K96J/live-remote-worker.sh: line 59: /bin/sleep: No such file or directory
/home/kasper/.no-mistakes/evidence/01M458RD3HT76Y6NJNAFM7K96J/live-remote-worker.sh: line 59: /bin/sleep: No such file or directory
/home/kasper/.no-mistakes/evidence/01M458RD3HT76Y6NJNAFM7K96J/live-remote-worker.sh: line 59: /bin/sleep: No such file or directory
/home/kasper/.no-mistakes/evidence/01M458RD3HT76Y6NJNAFM7K96J/live-remote-worker.sh: line 59: /bin/sleep: No such file or directory
/home/kasper/.no-mistakes/evidence/01M458RD3HT76Y6NJNAFM7K96J/live-remote-worker.sh: line 59: /bin/sleep: No such file or directory
/home/kasper/.no-mistakes/evidence/01M458RD3HT76Y6NJNAFM7K96J/live-remote-worker.sh: line 59: /bin/sleep: No such file or directory
/home/kasper/.no-mistakes/evidence/01M458RD3HT76Y6NJNAFM7K96J/live-remote-worker.sh: line 59: /bin/sleep: No such file or directory
/home/kasper/.no-mistakes/evidence/01M458RD3HT76Y6NJNAFM7K96J/live-remote-worker.sh: line 59: /bin/sleep: No such file or directory
/home/kasper/.no-mistakes/evidence/01M458RD3HT76Y6NJNAFM7K96J/live-remote-worker.sh: line 59: /bin/sleep: No such file or directory
/home/kasper/.no-mistakes/evidence/01M458RD3HT76Y6NJNAFM7K96J/live-remote-worker.sh: line 59: /bin/sleep: No such file or directory
/home/kasper/.no-mistakes/evidence/01M458RD3HT76Y6NJNAFM7K96J/live-remote-worker.sh: line 59: /bin/sleep: No such file or directory
/home/kasper/.no-mistakes/evidence/01M458RD3HT76Y6NJNAFM7K96J/live-remote-worker.sh: line 59: /bin/sleep: No such file or directory
/home/kasper/.no-mistakes/evidence/01M458RD3HT76Y6NJNAFM7K96J/live-remote-worker.sh: line 59: /bin/sleep: No such file or directory
/home/kasper/.no-mistakes/evidence/01M458RD3HT76Y6NJNAFM7K96J/live-remote-worker.sh: line 59: /bin/sleep: No such file or directory
/home/kasper/.no-mistakes/evidence/01M458RD3HT76Y6NJNAFM7K96J/live-remote-worker.sh: line 59: /bin/sleep: No such file or directory
/home/kasper/.no-mistakes/evidence/01M458RD3HT76Y6NJNAFM7K96J/live-remote-worker.sh: line 59: /bin/sleep: No such file or directory
/home/kasper/.no-mistakes/evidence/01M458RD3HT76Y6NJNAFM7K96J/live-remote-worker.sh: line 59: /bin/sleep: No such file or directory
/home/kasper/.no-mistakes/evidence/01M458RD3HT76Y6NJNAFM7K96J/live-remote-worker.sh: line 59: /bin/sleep: No such file or directory
/home/kasper/.no-mistakes/evidence/01M458RD3HT76Y6NJNAFM7K96J/live-remote-worker.sh: line 59: /bin/sleep: No such file or directory
/home/kasper/.no-mistakes/evidence/01M458RD3HT76Y6NJNAFM7K96J/live-remote-worker.sh: line 59: /bin/sleep: No such file or directory
/home/kasper/.no-mistakes/evidence/01M458RD3HT76Y6NJNAFM7K96J/live-remote-worker.sh: line 59: /bin/sleep: No such file or directory
/home/kasper/.no-mistakes/evidence/01M458RD3HT76Y6NJNAFM7K96J/live-remote-worker.sh: line 59: /bin/sleep: No such file or directory
/home/kasper/.no-mistakes/evidence/01M458RD3HT76Y6NJNAFM7K96J/live-remote-worker.sh: line 59: /bin/sleep: No such file or directory
/home/kasper/.no-mistakes/evidence/01M458RD3HT76Y6NJNAFM7K96J/live-remote-worker.sh: line 59: /bin/sleep: No such file or directory
/home/kasper/.no-mistakes/evidence/01M458RD3HT76Y6NJNAFM7K96J/live-remote-worker.sh: line 59: /bin/sleep: No such file or directory
/home/kasper/.no-mistakes/evidence/01M458RD3HT76Y6NJNAFM7K96J/live-remote-worker.sh: line 59: /bin/sleep: No such file or directory
/home/kasper/.no-mistakes/evidence/01M458RD3HT76Y6NJNAFM7K96J/live-remote-worker.sh: line 59: /bin/sleep: No such file or directory
/home/kasper/.no-mistakes/evidence/01M458RD3HT76Y6NJNAFM7K96J/live-remote-worker.sh: line 59: /bin/sleep: No such file or directory
/home/kasper/.no-mistakes/evidence/01M458RD3HT76Y6NJNAFM7K96J/live-remote-worker.sh: line 59: /bin/sleep: No such file or directory
/home/kasper/.no-mistakes/evidence/01M458RD3HT76Y6NJNAFM7K96J/live-remote-worker.sh: line 59: /bin/sleep: No such file or directory
/home/kasper/.no-mistakes/evidence/01M458RD3HT76Y6NJNAFM7K96J/live-remote-worker.sh: line 59: /bin/sleep: No such file or directory
/home/kasper/.no-mistakes/evidence/01M458RD3HT76Y6NJNAFM7K96J/live-remote-worker.sh: line 59: /bin/sleep: No such file or directory
/home/kasper/.no-mistakes/evidence/01M458RD3HT76Y6NJNAFM7K96J/live-remote-worker.sh: line 59: /bin/sleep: No such file or directory
FAIL: file not published: /home/kasper/.no-mistakes/worktrees/54ec8cc673b9/01M458RD3HT76Y6NJNAFM7K96J/.remote-live.S1sj5o/gate/blocked
/home/kasper/.no-mistakes/evidence/01M458RD3HT76Y6NJNAFM7K96J/live-remote-worker.sh: line 45: /bin/sleep: No such file or directory
Cleanup: disposable worker processes signalled; checkout, account and queue removed.
